src/app/account/layout.tsx(61,32): error TS2367: This comparison appears to be unintentional because the types 'UserType' and '"wholesale"' have no overlap.
src/app/account/settings/page.tsx(17,28): error TS2339: Property 'company' does not exist on type 'User'.
src/app/account/settings/page.tsx(18,27): error TS2339: Property 'company' does not exist on type 'User'.
src/app/account/settings/page.tsx(19,27): error TS2339: Property 'company' does not exist on type 'User'.
src/app/account/settings/page.tsx(20,29): error TS2339: Property 'company' does not exist on type 'User'.
src/app/account/settings/page.tsx(21,30): error TS2339: Property 'company' does not exist on type 'User'.
src/app/account/settings/page.tsx(85,18): error TS2367: This comparison appears to be unintentional because the types 'UserType | undefined' and '"wholesale"' have no overlap.
src/components/Header.tsx(66,52): error TS2367: This comparison appears to be unintentional because the types 'UserType' and '"wholesale"' have no overlap.
